MPLINK 4.31, Linker
Linker Map File - Created Wed Nov 01 14:11:41 2023

                                 Section Info
                  Section       Type    Address   Location Size(Bytes)
                ---------  ---------  ---------  ---------  ---------
                   .org_0       code   0x000000    program   0x000002
                   .cinit    romdata   0x000001    program   0x000004
                   .org_1       code   0x000004    program   0x0000b4



                              Program Memory Usage 
                               Start         End      
                           ---------   ---------      
                            0x000000    0x000002      
                            0x000004    0x00005d      
            93 out of 2183 program addresses used, program memory utilization is 4%



                              Symbols - Sorted by Name
                     Name    Address   Location    Storage File                     
                ---------  ---------  ---------  --------- ---------                
                  DISPLAY   0x000045    program     static D:\UNLa\Arq. de computadoras\Ejercicios\Ejercicio 3\C\C.asm
                   INICIO   0x000029    program     static D:\UNLa\Arq. de computadoras\Ejercicios\Ejercicio 3\C\C.asm
                 INT_TMR0   0x00000d    program     static D:\UNLa\Arq. de computadoras\Ejercicios\Ejercicio 3\C\C.asm
          MOSTRAR_DISPLAY   0x000014    program     static D:\UNLa\Arq. de computadoras\Ejercicios\Ejercicio 3\C\C.asm
                REINICIAR   0x000046    program     static D:\UNLa\Arq. de computadoras\Ejercicios\Ejercicio 3\C\C.asm
                SALIR_INT   0x000027    program     static D:\UNLa\Arq. de computadoras\Ejercicios\Ejercicio 3\C\C.asm
               SALIR_TMR0   0x000024    program     static D:\UNLa\Arq. de computadoras\Ejercicios\Ejercicio 3\C\C.asm
                 TERMINAR   0x000027    program     static D:\UNLa\Arq. de computadoras\Ejercicios\Ejercicio 3\C\C.asm
             _.org_1_0044   0x000044    program     static D:\UNLa\Arq. de computadoras\Ejercicios\Ejercicio 3\C\C.asm



                              Symbols - Sorted by Address
                     Name    Address   Location    Storage File                     
                ---------  ---------  ---------  --------- ---------                
                 INT_TMR0   0x00000d    program     static D:\UNLa\Arq. de computadoras\Ejercicios\Ejercicio 3\C\C.asm
          MOSTRAR_DISPLAY   0x000014    program     static D:\UNLa\Arq. de computadoras\Ejercicios\Ejercicio 3\C\C.asm
               SALIR_TMR0   0x000024    program     static D:\UNLa\Arq. de computadoras\Ejercicios\Ejercicio 3\C\C.asm
                SALIR_INT   0x000027    program     static D:\UNLa\Arq. de computadoras\Ejercicios\Ejercicio 3\C\C.asm
                 TERMINAR   0x000027    program     static D:\UNLa\Arq. de computadoras\Ejercicios\Ejercicio 3\C\C.asm
                   INICIO   0x000029    program     static D:\UNLa\Arq. de computadoras\Ejercicios\Ejercicio 3\C\C.asm
             _.org_1_0044   0x000044    program     static D:\UNLa\Arq. de computadoras\Ejercicios\Ejercicio 3\C\C.asm
                  DISPLAY   0x000045    program     static D:\UNLa\Arq. de computadoras\Ejercicios\Ejercicio 3\C\C.asm
                REINICIAR   0x000046    program     static D:\UNLa\Arq. de computadoras\Ejercicios\Ejercicio 3\C\C.asm


